01:44:08 [INFO] FLUX.2-klein OpenVINO benchmark matrix starting
01:44:08 [INFO] Args: {'device': 'GPU', 'precisions': 'int4', 'resolutions': '512x512,1024x1024', 'steps': 4, 'warmup_runs': 3, 'measure_runs': 5, 'max_sequence_length': 512, 'prompt': 'Astronaut on the moon', 'seed': 0, 'fp16_model_dir': './benchmark_outputs/models/flux2-klein-fp16', 'int4_model_dir': './benchmark_outputs/models/flux2-klein-int4', 'output_dir': 'benchmark_outputs_ov_matrix\\ov_26_1', 'cache_dir': './ov_model_cache', 'stabilize_seconds': 1.0, 'ram_interval_ms': 30.0, 'log_level': 'INFO', 'ov_versions': '26.1,26.2,26.3', 'run_single_ov_version': '26.1', 'skip_ov_install': True}
01:44:08 [INFO] Single OV process mode for OV tag 26.1
01:44:10 [INFO] Environment: {
  "os": "Windows-10-10.0.26200-SP0",
  "python_version": "3.10.11",
  "openvino_version": "2026.1.0-21367-63e31528c62-releases/2026/1",
  "optimum_intel_version": "2.1.0.dev0",
  "cpu_name": "Intel(R) Core(TM) Ultra X7 368H",
  "gpu_name": "Intel(R) Arc(TM) B390 GPU (iGPU)",
  "gpu_driver_version": "32.0.101.8860",
  "total_memory_bytes": 68247695360,
  "total_memory_gb": 63.6,
  "device": "GPU",
  "selected_device_name": "Intel(R) Arc(TM) B390 GPU (iGPU)",
  "available_devices": [
    "CPU",
    "GPU",
    "NPU"
  ],
  "collected_at": "2026-07-20T01:44:10"
}
01:44:10 [INFO] ==============================================================================
01:44:10 [INFO] Configuration: int4_512x512_4steps_no_cfg | model_dir=benchmark_outputs\models\flux2-klein-int4
01:44:10 [INFO] ==============================================================================
01:44:10 [INFO] [warmup 1/3] starting
01:44:17 [INFO] [warmup 1/3][INIT]    pipeline_init     1.697s
01:44:20 [INFO] [LOAD]    text_encoder     3.372s
01:44:21 [INFO] [warmup 1/3][INFER]   text_encoder      0.755s  embeds=(1, 512, 7680)
01:44:21 [INFO] [RELEASE] text_encoder  (GPU + host RAM freed)
01:44:24 [INFO] [LOAD]    transformer      2.699s
01:44:26 [INFO] [warmup 1/3][INFER]   transformer       2.169s
01:44:27 [INFO] [RELEASE] transformer   (GPU + host RAM freed)
01:44:27 [INFO] [LOAD]    vae_decoder      0.105s
01:44:27 [INFO] [warmup 1/3][INFER]   vae_decoder       0.522s
01:44:27 [INFO] [RELEASE] vae_decoder   (GPU + host RAM freed)
01:44:28 [INFO] [RELEASE] vae_encoder   (GPU + host RAM freed)
01:44:28 [INFO] [warmup 2/3] starting
01:44:29 [INFO] [warmup 2/3][INIT]    pipeline_init     1.451s
01:44:32 [INFO] [LOAD]    text_encoder     3.246s
01:44:33 [INFO] [warmup 2/3][INFER]   text_encoder      0.236s  embeds=(1, 512, 7680)
01:44:33 [INFO] [RELEASE] text_encoder  (GPU + host RAM freed)
01:44:36 [INFO] [LOAD]    transformer      2.805s
01:44:38 [INFO] [warmup 2/3][INFER]   transformer       1.486s
01:44:38 [INFO] [RELEASE] transformer   (GPU + host RAM freed)
01:44:38 [INFO] [LOAD]    vae_decoder      0.128s
01:44:38 [INFO] [warmup 2/3][INFER]   vae_decoder       0.261s
01:44:39 [INFO] [RELEASE] vae_decoder   (GPU + host RAM freed)
01:44:39 [INFO] [RELEASE] vae_encoder   (GPU + host RAM freed)
01:44:39 [INFO] [warmup 3/3] starting
01:44:40 [INFO] [warmup 3/3][INIT]    pipeline_init     1.394s
01:44:43 [INFO] [LOAD]    text_encoder     3.047s
01:44:44 [INFO] [warmup 3/3][INFER]   text_encoder      0.230s  embeds=(1, 512, 7680)
01:44:44 [INFO] [RELEASE] text_encoder  (GPU + host RAM freed)
01:44:47 [INFO] [LOAD]    transformer      2.639s
01:44:48 [INFO] [warmup 3/3][INFER]   transformer       1.513s
01:44:49 [INFO] [RELEASE] transformer   (GPU + host RAM freed)
01:44:49 [INFO] [LOAD]    vae_decoder      0.113s
01:44:49 [INFO] [warmup 3/3][INFER]   vae_decoder       0.248s
01:44:49 [INFO] [RELEASE] vae_decoder   (GPU + host RAM freed)
01:44:49 [INFO] [RELEASE] vae_encoder   (GPU + host RAM freed)
01:44:50 [INFO] [measure 1/5] starting
01:44:51 [INFO] [measure 1/5][INIT]    pipeline_init     1.386s
01:44:54 [INFO] [LOAD]    text_encoder     3.105s
01:44:54 [INFO] [measure 1/5][INFER]   text_encoder      0.232s  embeds=(1, 512, 7680)
01:44:55 [INFO] [RELEASE] text_encoder  (GPU + host RAM freed)
01:44:58 [INFO] [LOAD]    transformer      2.747s
01:44:59 [INFO] [measure 1/5][INFER]   transformer       1.505s
01:45:00 [INFO] [RELEASE] transformer   (GPU + host RAM freed)
01:45:00 [INFO] [LOAD]    vae_decoder      0.123s
01:45:00 [INFO] [measure 1/5][INFER]   vae_decoder       0.223s
01:45:00 [INFO] [RELEASE] vae_decoder   (GPU + host RAM freed)
01:45:00 [INFO] [RELEASE] vae_encoder   (GPU + host RAM freed)
01:45:00 [INFO] [measure 2/5] starting
01:45:02 [INFO] [measure 2/5][INIT]    pipeline_init     1.413s
01:45:05 [INFO] [LOAD]    text_encoder     3.064s
01:45:05 [INFO] [measure 2/5][INFER]   text_encoder      0.231s  embeds=(1, 512, 7680)
01:45:06 [INFO] [RELEASE] text_encoder  (GPU + host RAM freed)
01:45:08 [INFO] [LOAD]    transformer      2.661s
01:45:10 [INFO] [measure 2/5][INFER]   transformer       1.486s
01:45:10 [INFO] [RELEASE] transformer   (GPU + host RAM freed)
01:45:11 [INFO] [LOAD]    vae_decoder      0.115s
01:45:11 [INFO] [measure 2/5][INFER]   vae_decoder       0.232s
01:45:11 [INFO] [RELEASE] vae_decoder   (GPU + host RAM freed)
01:45:11 [INFO] [RELEASE] vae_encoder   (GPU + host RAM freed)
01:45:11 [INFO] [measure 3/5] starting
01:45:13 [INFO] [measure 3/5][INIT]    pipeline_init     1.416s
01:45:16 [INFO] [LOAD]    text_encoder     3.177s
01:45:16 [INFO] [measure 3/5][INFER]   text_encoder      0.235s  embeds=(1, 512, 7680)
01:45:17 [INFO] [RELEASE] text_encoder  (GPU + host RAM freed)
01:45:19 [INFO] [LOAD]    transformer      2.673s
01:45:21 [INFO] [measure 3/5][INFER]   transformer       1.512s
01:45:21 [INFO] [RELEASE] transformer   (GPU + host RAM freed)
01:45:21 [INFO] [LOAD]    vae_decoder      0.110s
01:45:22 [INFO] [measure 3/5][INFER]   vae_decoder       0.225s
01:45:22 [INFO] [RELEASE] vae_decoder   (GPU + host RAM freed)
01:45:22 [INFO] [RELEASE] vae_encoder   (GPU + host RAM freed)
01:45:22 [INFO] [measure 4/5] starting
01:45:24 [INFO] [measure 4/5][INIT]    pipeline_init     1.412s
01:45:27 [INFO] [LOAD]    text_encoder     3.045s
01:45:27 [INFO] [measure 4/5][INFER]   text_encoder      0.233s  embeds=(1, 512, 7680)
01:45:27 [INFO] [RELEASE] text_encoder  (GPU + host RAM freed)
01:45:30 [INFO] [LOAD]    transformer      2.622s
01:45:31 [INFO] [measure 4/5][INFER]   transformer       1.486s
01:45:32 [INFO] [RELEASE] transformer   (GPU + host RAM freed)
01:45:32 [INFO] [LOAD]    vae_decoder      0.123s
01:45:32 [INFO] [measure 4/5][INFER]   vae_decoder       0.234s
01:45:32 [INFO] [RELEASE] vae_decoder   (GPU + host RAM freed)
01:45:33 [INFO] [RELEASE] vae_encoder   (GPU + host RAM freed)
01:45:33 [INFO] [measure 5/5] starting
01:45:34 [INFO] [measure 5/5][INIT]    pipeline_init     1.385s
01:45:37 [INFO] [LOAD]    text_encoder     3.146s
01:45:38 [INFO] [measure 5/5][INFER]   text_encoder      0.229s  embeds=(1, 512, 7680)
01:45:38 [INFO] [RELEASE] text_encoder  (GPU + host RAM freed)
01:45:41 [INFO] [LOAD]    transformer      2.749s
01:45:42 [INFO] [measure 5/5][INFER]   transformer       1.483s
01:45:43 [INFO] [RELEASE] transformer   (GPU + host RAM freed)
01:45:43 [INFO] [LOAD]    vae_decoder      0.120s
01:45:43 [INFO] [measure 5/5][INFER]   vae_decoder       0.226s
01:45:43 [INFO] [RELEASE] vae_decoder   (GPU + host RAM freed)
01:45:44 [INFO] [RELEASE] vae_encoder   (GPU + host RAM freed)
01:45:44 [INFO] Saved image: benchmark_outputs_ov_matrix\ov_26_1\images\flux2_klein_int4_512x512_4steps_no_cfg.png (size=(512, 512))
01:45:44 [INFO] Exported results to benchmark_outputs_ov_matrix\ov_26_1\results
01:45:44 [INFO] ==============================================================================
01:45:44 [INFO] Configuration: int4_1024x1024_4steps_no_cfg | model_dir=benchmark_outputs\models\flux2-klein-int4
01:45:44 [INFO] ==============================================================================
01:45:44 [INFO] [warmup 1/3] starting
01:45:45 [INFO] [warmup 1/3][INIT]    pipeline_init     1.386s
01:45:48 [INFO] [LOAD]    text_encoder     3.013s
01:45:48 [INFO] [warmup 1/3][INFER]   text_encoder      0.236s  embeds=(1, 512, 7680)
01:45:49 [INFO] [RELEASE] text_encoder  (GPU + host RAM freed)
01:45:51 [INFO] [LOAD]    transformer      2.612s
01:45:57 [INFO] [warmup 1/3][INFER]   transformer       5.827s
01:45:58 [INFO] [RELEASE] transformer   (GPU + host RAM freed)
01:45:58 [INFO] [LOAD]    vae_decoder      0.103s
01:45:59 [INFO] [warmup 1/3][INFER]   vae_decoder       1.352s
01:46:00 [INFO] [RELEASE] vae_decoder   (GPU + host RAM freed)
01:46:00 [INFO] [RELEASE] vae_encoder   (GPU + host RAM freed)
01:46:00 [INFO] [warmup 2/3] starting
01:46:01 [INFO] [warmup 2/3][INIT]    pipeline_init     1.379s
01:46:05 [INFO] [LOAD]    text_encoder     3.323s
01:46:05 [INFO] [warmup 2/3][INFER]   text_encoder      0.249s  embeds=(1, 512, 7680)
01:46:05 [INFO] [RELEASE] text_encoder  (GPU + host RAM freed)
01:46:08 [INFO] [LOAD]    transformer      2.846s
01:46:14 [INFO] [warmup 2/3][INFER]   transformer       5.794s
01:46:15 [INFO] [RELEASE] transformer   (GPU + host RAM freed)
01:46:15 [INFO] [LOAD]    vae_decoder      0.127s
01:46:16 [INFO] [warmup 2/3][INFER]   vae_decoder       1.341s
01:46:16 [INFO] [RELEASE] vae_decoder   (GPU + host RAM freed)
01:46:16 [INFO] [RELEASE] vae_encoder   (GPU + host RAM freed)
01:46:17 [INFO] [warmup 3/3] starting
01:46:18 [INFO] [warmup 3/3][INIT]    pipeline_init     1.435s
01:46:21 [INFO] [LOAD]    text_encoder     3.254s
01:46:22 [INFO] [warmup 3/3][INFER]   text_encoder      0.267s  embeds=(1, 512, 7680)
01:46:22 [INFO] [RELEASE] text_encoder  (GPU + host RAM freed)
01:46:25 [INFO] [LOAD]    transformer      2.860s
01:46:31 [INFO] [warmup 3/3][INFER]   transformer       5.892s
01:46:31 [INFO] [RELEASE] transformer   (GPU + host RAM freed)
01:46:32 [INFO] [LOAD]    vae_decoder      0.112s
01:46:33 [INFO] [warmup 3/3][INFER]   vae_decoder       1.057s
01:46:33 [INFO] [RELEASE] vae_decoder   (GPU + host RAM freed)
01:46:33 [INFO] [RELEASE] vae_encoder   (GPU + host RAM freed)
01:46:33 [INFO] [measure 1/5] starting
01:46:35 [INFO] [measure 1/5][INIT]    pipeline_init     1.446s
01:46:38 [INFO] [LOAD]    text_encoder     3.126s
01:46:38 [INFO] [measure 1/5][INFER]   text_encoder      0.244s  embeds=(1, 512, 7680)
01:46:39 [INFO] [RELEASE] text_encoder  (GPU + host RAM freed)
01:46:41 [INFO] [LOAD]    transformer      2.697s
01:46:47 [INFO] [measure 1/5][INFER]   transformer       5.809s
01:46:48 [INFO] [RELEASE] transformer   (GPU + host RAM freed)
01:46:48 [INFO] [LOAD]    vae_decoder      0.111s
01:46:49 [INFO] [measure 1/5][INFER]   vae_decoder       1.372s
01:46:49 [INFO] [RELEASE] vae_decoder   (GPU + host RAM freed)
01:46:50 [INFO] [RELEASE] vae_encoder   (GPU + host RAM freed)
01:46:50 [INFO] [measure 2/5] starting
01:46:51 [INFO] [measure 2/5][INIT]    pipeline_init     1.359s
01:46:54 [INFO] [LOAD]    text_encoder     3.268s
01:46:55 [INFO] [measure 2/5][INFER]   text_encoder      0.231s  embeds=(1, 512, 7680)
01:46:55 [INFO] [RELEASE] text_encoder  (GPU + host RAM freed)
01:46:58 [INFO] [LOAD]    transformer      2.709s
01:47:04 [INFO] [measure 2/5][INFER]   transformer       6.024s
01:47:04 [INFO] [RELEASE] transformer   (GPU + host RAM freed)
01:47:05 [INFO] [LOAD]    vae_decoder      0.113s
01:47:06 [INFO] [measure 2/5][INFER]   vae_decoder       1.507s
01:47:06 [INFO] [RELEASE] vae_decoder   (GPU + host RAM freed)
01:47:06 [INFO] [RELEASE] vae_encoder   (GPU + host RAM freed)
01:47:07 [INFO] [measure 3/5] starting
01:47:08 [INFO] [measure 3/5][INIT]    pipeline_init     1.029s
01:47:10 [INFO] [LOAD]    text_encoder     2.675s
01:47:10 [INFO] [measure 3/5][INFER]   text_encoder      0.237s  embeds=(1, 512, 7680)
01:47:11 [INFO] [RELEASE] text_encoder  (GPU + host RAM freed)
01:47:13 [INFO] [LOAD]    transformer      2.162s
01:47:19 [INFO] [measure 3/5][INFER]   transformer       6.186s
01:47:20 [INFO] [RELEASE] transformer   (GPU + host RAM freed)
01:47:20 [INFO] [LOAD]    vae_decoder      0.126s
01:47:21 [INFO] [measure 3/5][INFER]   vae_decoder       1.497s
01:47:22 [INFO] [RELEASE] vae_decoder   (GPU + host RAM freed)
01:47:22 [INFO] [RELEASE] vae_encoder   (GPU + host RAM freed)
01:47:22 [INFO] [measure 4/5] starting
01:47:23 [INFO] [measure 4/5][INIT]    pipeline_init     1.400s
01:47:27 [INFO] [LOAD]    text_encoder     3.347s
01:47:27 [INFO] [measure 4/5][INFER]   text_encoder      0.290s  embeds=(1, 512, 7680)
01:47:28 [INFO] [RELEASE] text_encoder  (GPU + host RAM freed)
01:47:30 [INFO] [LOAD]    transformer      2.746s
01:47:36 [INFO] [measure 4/5][INFER]   transformer       6.028s
01:47:37 [INFO] [RELEASE] transformer   (GPU + host RAM freed)
01:47:37 [INFO] [LOAD]    vae_decoder      0.124s
01:47:38 [INFO] [measure 4/5][INFER]   vae_decoder       1.387s
01:47:39 [INFO] [RELEASE] vae_decoder   (GPU + host RAM freed)
01:47:39 [INFO] [RELEASE] vae_encoder   (GPU + host RAM freed)
01:47:39 [INFO] [measure 5/5] starting
01:47:40 [INFO] [measure 5/5][INIT]    pipeline_init     1.454s
01:47:44 [INFO] [LOAD]    text_encoder     3.183s
01:47:44 [INFO] [measure 5/5][INFER]   text_encoder      0.234s  embeds=(1, 512, 7680)
01:47:44 [INFO] [RELEASE] text_encoder  (GPU + host RAM freed)
01:47:47 [INFO] [LOAD]    transformer      2.632s
01:47:53 [INFO] [measure 5/5][INFER]   transformer       5.917s
01:47:54 [INFO] [RELEASE] transformer   (GPU + host RAM freed)
01:47:54 [INFO] [LOAD]    vae_decoder      0.118s
01:47:55 [INFO] [measure 5/5][INFER]   vae_decoder       0.989s
01:47:55 [INFO] [RELEASE] vae_decoder   (GPU + host RAM freed)
01:47:55 [INFO] [RELEASE] vae_encoder   (GPU + host RAM freed)
01:47:55 [INFO] Saved image: benchmark_outputs_ov_matrix\ov_26_1\images\flux2_klein_int4_1024x1024_4steps_no_cfg.png (size=(1024, 1024))
01:47:55 [INFO] Exported results to benchmark_outputs_ov_matrix\ov_26_1\results
01:47:55 [INFO] 
Resolution          | Model                  | Load Time | Infer Time | RAM After Load | Peak RAM
--------------------+------------------------+-----------+------------+----------------+---------
512x512<br>4steps   | Text Encoder-INT4      | 3.107s    | 0.232s     | 3.87GB         | 6.02GB  
                    | Transformer-INT4       | 2.690s    | 1.495s     | 3.64GB         | 5.63GB  
                    | Small VAE Decoder-FP16 | 0.118s    | 0.228s     | -0.19GB        | 0.08GB  
1024x1024<br>4steps | Text Encoder-INT4      | 3.120s    | 0.247s     | 3.99GB         | 6.15GB  
                    | Transformer-INT4       | 2.589s    | 5.993s     | 3.92GB         | 5.98GB  
                    | Small VAE Decoder-FP16 | 0.119s    | 1.350s     | 0.11GB         | 1.63GB  
01:47:55 [INFO] Benchmark matrix finished
