00:52:07 [INFO] FLUX.2-klein OpenVINO benchmark matrix starting
00:52:07 [INFO] Args: {'device': 'GPU', 'precisions': 'fp16,int4', 'resolutions': '512x512,1024x1024', 'steps': 4, 'warmup_runs': 3, 'measure_runs': 5, 'max_sequence_length': 512, 'prompt': 'Astronaut on the moon', 'seed': 0, 'fp16_model_dir': './benchmark_outputs/models/flux2-klein-fp16', 'int4_model_dir': './benchmark_outputs/models/flux2-klein-int4', 'output_dir': './benchmark_outputs', 'cache_dir': './ov_model_cache', 'stabilize_seconds': 1.0, 'ram_interval_ms': 30.0, 'log_level': 'INFO'}
00:52:09 [INFO] Environment: {
  "os": "Windows-10-10.0.26200-SP0",
  "python_version": "3.10.11",
  "openvino_version": "2026.2.0-21903-52ddc073857-releases/2026/2",
  "optimum_intel_version": "2.1.0.dev0",
  "cpu_name": "Intel(R) Core(TM) Ultra X7 368H",
  "gpu_name": "Intel(R) Arc(TM) B390 GPU (iGPU)",
  "gpu_driver_version": "32.0.101.8860",
  "total_memory_bytes": 68247695360,
  "total_memory_gb": 63.6,
  "device": "GPU",
  "selected_device_name": "Intel(R) Arc(TM) B390 GPU (iGPU)",
  "available_devices": [
    "CPU",
    "GPU",
    "NPU"
  ],
  "collected_at": "2026-07-20T00:52:09"
}
00:52:09 [INFO] ==============================================================================
00:52:09 [INFO] Configuration: fp16_512x512_4steps_no_cfg | model_dir=benchmark_outputs\models\flux2-klein-fp16
00:52:09 [INFO] ==============================================================================
00:52:09 [INFO] [warmup 1/3] starting
00:52:14 [INFO] [warmup 1/3][INIT]    pipeline_init     1.244s
00:52:25 [INFO] [LOAD]    text_encoder    10.207s
00:52:25 [INFO] [warmup 1/3][INFER]   text_encoder      0.683s  embeds=(1, 512, 7680)
00:52:27 [INFO] [RELEASE] text_encoder  (GPU + host RAM freed)
00:52:41 [INFO] [LOAD]    transformer     14.086s
00:52:43 [INFO] [warmup 1/3][INFER]   transformer       2.489s
00:52:44 [INFO] [RELEASE] transformer   (GPU + host RAM freed)
00:52:44 [INFO] [LOAD]    vae_decoder      0.327s
00:52:46 [INFO] [warmup 1/3][INFER]   vae_decoder       1.278s
00:52:46 [INFO] [RELEASE] vae_decoder   (GPU + host RAM freed)
00:52:46 [INFO] [RELEASE] vae_encoder   (GPU + host RAM freed)
00:52:46 [INFO] [warmup 2/3] starting
00:52:47 [INFO] [warmup 2/3][INIT]    pipeline_init     0.942s
00:52:52 [INFO] [LOAD]    text_encoder     4.892s
00:52:52 [INFO] [warmup 2/3][INFER]   text_encoder      0.355s  embeds=(1, 512, 7680)
00:52:53 [INFO] [RELEASE] text_encoder  (GPU + host RAM freed)
00:52:58 [INFO] [LOAD]    transformer      4.589s
00:53:00 [INFO] [warmup 2/3][INFER]   transformer       2.080s
00:53:02 [INFO] [RELEASE] transformer   (GPU + host RAM freed)
00:53:02 [INFO] [LOAD]    vae_decoder      0.182s
00:53:02 [INFO] [warmup 2/3][INFER]   vae_decoder       0.372s
00:53:02 [INFO] [RELEASE] vae_decoder   (GPU + host RAM freed)
00:53:03 [INFO] [RELEASE] vae_encoder   (GPU + host RAM freed)
00:53:03 [INFO] [warmup 3/3] starting
00:53:04 [INFO] [warmup 3/3][INIT]    pipeline_init     1.529s
00:53:12 [INFO] [LOAD]    text_encoder     7.735s
00:53:12 [INFO] [warmup 3/3][INFER]   text_encoder      0.287s  embeds=(1, 512, 7680)
00:53:14 [INFO] [RELEASE] text_encoder  (GPU + host RAM freed)
00:53:21 [INFO] [LOAD]    transformer      6.843s
00:53:23 [INFO] [warmup 3/3][INFER]   transformer       2.145s
00:53:24 [INFO] [RELEASE] transformer   (GPU + host RAM freed)
00:53:25 [INFO] [LOAD]    vae_decoder      0.149s
00:53:25 [INFO] [warmup 3/3][INFER]   vae_decoder       0.228s
00:53:25 [INFO] [RELEASE] vae_decoder   (GPU + host RAM freed)
00:53:25 [INFO] [RELEASE] vae_encoder   (GPU + host RAM freed)
00:53:25 [INFO] [measure 1/5] starting
00:53:27 [INFO] [measure 1/5][INIT]    pipeline_init     1.543s
00:53:35 [INFO] [LOAD]    text_encoder     7.613s
00:53:35 [INFO] [measure 1/5][INFER]   text_encoder      0.309s  embeds=(1, 512, 7680)
00:53:36 [INFO] [RELEASE] text_encoder  (GPU + host RAM freed)
00:53:43 [INFO] [LOAD]    transformer      6.778s
00:53:46 [INFO] [measure 1/5][INFER]   transformer       2.677s
00:53:47 [INFO] [RELEASE] transformer   (GPU + host RAM freed)
00:53:48 [INFO] [LOAD]    vae_decoder      0.151s
00:53:48 [INFO] [measure 1/5][INFER]   vae_decoder       0.242s
00:53:48 [INFO] [RELEASE] vae_decoder   (GPU + host RAM freed)
00:53:48 [INFO] [RELEASE] vae_encoder   (GPU + host RAM freed)
00:53:48 [INFO] [measure 2/5] starting
00:53:50 [INFO] [measure 2/5][INIT]    pipeline_init     1.509s
00:53:57 [INFO] [LOAD]    text_encoder     7.560s
00:53:58 [INFO] [measure 2/5][INFER]   text_encoder      0.355s  embeds=(1, 512, 7680)
00:53:59 [INFO] [RELEASE] text_encoder  (GPU + host RAM freed)
00:54:06 [INFO] [LOAD]    transformer      6.853s
00:54:09 [INFO] [measure 2/5][INFER]   transformer       2.611s
00:54:10 [INFO] [RELEASE] transformer   (GPU + host RAM freed)
00:54:10 [INFO] [LOAD]    vae_decoder      0.158s
00:54:11 [INFO] [measure 2/5][INFER]   vae_decoder       0.257s
00:54:11 [INFO] [RELEASE] vae_decoder   (GPU + host RAM freed)
00:54:11 [INFO] [RELEASE] vae_encoder   (GPU + host RAM freed)
00:54:11 [INFO] [measure 3/5] starting
00:54:13 [INFO] [measure 3/5][INIT]    pipeline_init     1.539s
00:54:21 [INFO] [LOAD]    text_encoder     8.042s
00:54:21 [INFO] [measure 3/5][INFER]   text_encoder      0.330s  embeds=(1, 512, 7680)
00:54:23 [INFO] [RELEASE] text_encoder  (GPU + host RAM freed)
00:54:30 [INFO] [LOAD]    transformer      6.874s
00:54:32 [INFO] [measure 3/5][INFER]   transformer       2.762s
00:54:34 [INFO] [RELEASE] transformer   (GPU + host RAM freed)
00:54:34 [INFO] [LOAD]    vae_decoder      0.137s
00:54:34 [INFO] [measure 3/5][INFER]   vae_decoder       0.231s
00:54:34 [INFO] [RELEASE] vae_decoder   (GPU + host RAM freed)
00:54:35 [INFO] [RELEASE] vae_encoder   (GPU + host RAM freed)
00:54:35 [INFO] [measure 4/5] starting
00:54:36 [INFO] [measure 4/5][INIT]    pipeline_init     1.463s
00:54:44 [INFO] [LOAD]    text_encoder     7.654s
00:54:44 [INFO] [measure 4/5][INFER]   text_encoder      0.327s  embeds=(1, 512, 7680)
00:54:46 [INFO] [RELEASE] text_encoder  (GPU + host RAM freed)
00:54:53 [INFO] [LOAD]    transformer      6.805s
00:54:55 [INFO] [measure 4/5][INFER]   transformer       2.398s
00:54:56 [INFO] [RELEASE] transformer   (GPU + host RAM freed)
00:54:57 [INFO] [LOAD]    vae_decoder      0.145s
00:54:57 [INFO] [measure 4/5][INFER]   vae_decoder       0.219s
00:54:57 [INFO] [RELEASE] vae_decoder   (GPU + host RAM freed)
00:54:57 [INFO] [RELEASE] vae_encoder   (GPU + host RAM freed)
00:54:57 [INFO] [measure 5/5] starting
00:54:59 [INFO] [measure 5/5][INIT]    pipeline_init     1.547s
00:55:07 [INFO] [LOAD]    text_encoder     7.712s
00:55:07 [INFO] [measure 5/5][INFER]   text_encoder      0.363s  embeds=(1, 512, 7680)
00:55:08 [INFO] [RELEASE] text_encoder  (GPU + host RAM freed)
00:55:15 [INFO] [LOAD]    transformer      6.685s
00:55:18 [INFO] [measure 5/5][INFER]   transformer       2.504s
00:55:19 [INFO] [RELEASE] transformer   (GPU + host RAM freed)
00:55:19 [INFO] [LOAD]    vae_decoder      0.152s
00:55:20 [INFO] [measure 5/5][INFER]   vae_decoder       0.244s
00:55:20 [INFO] [RELEASE] vae_decoder   (GPU + host RAM freed)
00:55:20 [INFO] [RELEASE] vae_encoder   (GPU + host RAM freed)
00:55:20 [INFO] Saved image: benchmark_outputs\images\flux2_klein_fp16_512x512_4steps_no_cfg.png (size=(512, 512))
00:55:20 [INFO] Exported results to benchmark_outputs\results
00:55:20 [INFO] ==============================================================================
00:55:20 [INFO] Configuration: int4_512x512_4steps_no_cfg | model_dir=benchmark_outputs\models\flux2-klein-int4
00:55:20 [INFO] ==============================================================================
00:55:20 [INFO] [warmup 1/3] starting
00:55:22 [INFO] [warmup 1/3][INIT]    pipeline_init     1.559s
00:55:29 [INFO] [LOAD]    text_encoder     7.197s
00:55:30 [INFO] [warmup 1/3][INFER]   text_encoder      0.561s  embeds=(1, 512, 7680)
00:55:30 [INFO] [RELEASE] text_encoder  (GPU + host RAM freed)
00:55:37 [INFO] [LOAD]    transformer      6.759s
00:55:39 [INFO] [warmup 1/3][INFER]   transformer       2.134s
00:55:39 [INFO] [RELEASE] transformer   (GPU + host RAM freed)
00:55:40 [INFO] [LOAD]    vae_decoder      0.707s
00:55:40 [INFO] [warmup 1/3][INFER]   vae_decoder       0.309s
00:55:41 [INFO] [RELEASE] vae_decoder   (GPU + host RAM freed)
00:55:41 [INFO] [RELEASE] vae_encoder   (GPU + host RAM freed)
00:55:41 [INFO] [warmup 2/3] starting
00:55:42 [INFO] [warmup 2/3][INIT]    pipeline_init     0.967s
00:55:45 [INFO] [LOAD]    text_encoder     2.656s
00:55:45 [INFO] [warmup 2/3][INFER]   text_encoder      0.265s  embeds=(1, 512, 7680)
00:55:45 [INFO] [RELEASE] text_encoder  (GPU + host RAM freed)
00:55:48 [INFO] [LOAD]    transformer      2.628s
00:55:49 [INFO] [warmup 2/3][INFER]   transformer       1.611s
00:55:50 [INFO] [RELEASE] transformer   (GPU + host RAM freed)
00:55:50 [INFO] [LOAD]    vae_decoder      0.205s
00:55:50 [INFO] [warmup 2/3][INFER]   vae_decoder       0.141s
00:55:50 [INFO] [RELEASE] vae_decoder   (GPU + host RAM freed)
00:55:50 [INFO] [RELEASE] vae_encoder   (GPU + host RAM freed)
00:55:51 [INFO] [warmup 3/3] starting
00:55:52 [INFO] [warmup 3/3][INIT]    pipeline_init     0.983s
00:55:53 [INFO] [LOAD]    text_encoder     1.588s
00:55:53 [INFO] [warmup 3/3][INFER]   text_encoder      0.217s  embeds=(1, 512, 7680)
00:55:54 [INFO] [RELEASE] text_encoder  (GPU + host RAM freed)
00:55:55 [INFO] [LOAD]    transformer      1.385s
00:55:57 [INFO] [warmup 3/3][INFER]   transformer       1.519s
00:55:57 [INFO] [RELEASE] transformer   (GPU + host RAM freed)
00:55:57 [INFO] [LOAD]    vae_decoder      0.071s
00:55:57 [INFO] [warmup 3/3][INFER]   vae_decoder       0.126s
00:55:57 [INFO] [RELEASE] vae_decoder   (GPU + host RAM freed)
00:55:58 [INFO] [RELEASE] vae_encoder   (GPU + host RAM freed)
00:55:58 [INFO] [measure 1/5] starting
00:55:59 [INFO] [measure 1/5][INIT]    pipeline_init     0.996s
00:56:00 [INFO] [LOAD]    text_encoder     1.622s
00:56:01 [INFO] [measure 1/5][INFER]   text_encoder      0.214s  embeds=(1, 512, 7680)
00:56:01 [INFO] [RELEASE] text_encoder  (GPU + host RAM freed)
00:56:02 [INFO] [LOAD]    transformer      1.354s
00:56:04 [INFO] [measure 1/5][INFER]   transformer       1.498s
00:56:04 [INFO] [RELEASE] transformer   (GPU + host RAM freed)
00:56:04 [INFO] [LOAD]    vae_decoder      0.075s
00:56:04 [INFO] [measure 1/5][INFER]   vae_decoder       0.128s
00:56:05 [INFO] [RELEASE] vae_decoder   (GPU + host RAM freed)
00:56:05 [INFO] [RELEASE] vae_encoder   (GPU + host RAM freed)
00:56:05 [INFO] [measure 2/5] starting
00:56:06 [INFO] [measure 2/5][INIT]    pipeline_init     0.992s
00:56:07 [INFO] [LOAD]    text_encoder     1.657s
00:56:08 [INFO] [measure 2/5][INFER]   text_encoder      0.219s  embeds=(1, 512, 7680)
00:56:08 [INFO] [RELEASE] text_encoder  (GPU + host RAM freed)
00:56:09 [INFO] [LOAD]    transformer      1.344s
00:56:11 [INFO] [measure 2/5][INFER]   transformer       1.505s
00:56:11 [INFO] [RELEASE] transformer   (GPU + host RAM freed)
00:56:11 [INFO] [LOAD]    vae_decoder      0.073s
00:56:12 [INFO] [measure 2/5][INFER]   vae_decoder       0.127s
00:56:12 [INFO] [RELEASE] vae_decoder   (GPU + host RAM freed)
00:56:12 [INFO] [RELEASE] vae_encoder   (GPU + host RAM freed)
00:56:12 [INFO] [measure 3/5] starting
00:56:13 [INFO] [measure 3/5][INIT]    pipeline_init     1.015s
00:56:15 [INFO] [LOAD]    text_encoder     1.611s
00:56:15 [INFO] [measure 3/5][INFER]   text_encoder      0.213s  embeds=(1, 512, 7680)
00:56:15 [INFO] [RELEASE] text_encoder  (GPU + host RAM freed)
00:56:17 [INFO] [LOAD]    transformer      1.356s
00:56:18 [INFO] [measure 3/5][INFER]   transformer       1.510s
00:56:19 [INFO] [RELEASE] transformer   (GPU + host RAM freed)
00:56:19 [INFO] [LOAD]    vae_decoder      0.076s
00:56:19 [INFO] [measure 3/5][INFER]   vae_decoder       0.134s
00:56:19 [INFO] [RELEASE] vae_decoder   (GPU + host RAM freed)
00:56:19 [INFO] [RELEASE] vae_encoder   (GPU + host RAM freed)
00:56:19 [INFO] [measure 4/5] starting
00:56:20 [INFO] [measure 4/5][INIT]    pipeline_init     0.999s
00:56:22 [INFO] [LOAD]    text_encoder     1.692s
00:56:22 [INFO] [measure 4/5][INFER]   text_encoder      0.217s  embeds=(1, 512, 7680)
00:56:22 [INFO] [RELEASE] text_encoder  (GPU + host RAM freed)
00:56:24 [INFO] [LOAD]    transformer      1.360s
00:56:25 [INFO] [measure 4/5][INFER]   transformer       1.506s
00:56:26 [INFO] [RELEASE] transformer   (GPU + host RAM freed)
00:56:26 [INFO] [LOAD]    vae_decoder      0.074s
00:56:26 [INFO] [measure 4/5][INFER]   vae_decoder       0.128s
00:56:26 [INFO] [RELEASE] vae_decoder   (GPU + host RAM freed)
00:56:26 [INFO] [RELEASE] vae_encoder   (GPU + host RAM freed)
00:56:26 [INFO] [measure 5/5] starting
00:56:27 [INFO] [measure 5/5][INIT]    pipeline_init     1.004s
00:56:29 [INFO] [LOAD]    text_encoder     1.765s
00:56:29 [INFO] [measure 5/5][INFER]   text_encoder      0.216s  embeds=(1, 512, 7680)
00:56:30 [INFO] [RELEASE] text_encoder  (GPU + host RAM freed)
00:56:31 [INFO] [LOAD]    transformer      1.366s
00:56:33 [INFO] [measure 5/5][INFER]   transformer       1.518s
00:56:33 [INFO] [RELEASE] transformer   (GPU + host RAM freed)
00:56:33 [INFO] [LOAD]    vae_decoder      0.079s
00:56:33 [INFO] [measure 5/5][INFER]   vae_decoder       0.128s
00:56:33 [INFO] [RELEASE] vae_decoder   (GPU + host RAM freed)
00:56:34 [INFO] [RELEASE] vae_encoder   (GPU + host RAM freed)
00:56:34 [INFO] Saved image: benchmark_outputs\images\flux2_klein_int4_512x512_4steps_no_cfg.png (size=(512, 512))
00:56:34 [INFO] Exported results to benchmark_outputs\results
00:56:34 [INFO] ==============================================================================
00:56:34 [INFO] Configuration: fp16_1024x1024_4steps_no_cfg | model_dir=benchmark_outputs\models\flux2-klein-fp16
00:56:34 [INFO] ==============================================================================
00:56:34 [INFO] [warmup 1/3] starting
00:56:35 [INFO] [warmup 1/3][INIT]    pipeline_init     0.968s
00:56:43 [INFO] [LOAD]    text_encoder     8.578s
00:56:44 [INFO] [warmup 1/3][INFER]   text_encoder      0.362s  embeds=(1, 512, 7680)
00:56:45 [INFO] [RELEASE] text_encoder  (GPU + host RAM freed)
00:56:54 [INFO] [LOAD]    transformer      9.193s
00:57:02 [INFO] [warmup 1/3][INFER]   transformer       7.923s
00:57:03 [INFO] [RELEASE] transformer   (GPU + host RAM freed)
00:57:03 [INFO] [LOAD]    vae_decoder      0.140s
00:57:05 [INFO] [warmup 1/3][INFER]   vae_decoder       1.708s
00:57:05 [INFO] [RELEASE] vae_decoder   (GPU + host RAM freed)
00:57:05 [INFO] [RELEASE] vae_encoder   (GPU + host RAM freed)
00:57:05 [INFO] [warmup 2/3] starting
00:57:06 [INFO] [warmup 2/3][INIT]    pipeline_init     1.024s
00:57:11 [INFO] [LOAD]    text_encoder     5.074s
00:57:12 [INFO] [warmup 2/3][INFER]   text_encoder      0.321s  embeds=(1, 512, 7680)
00:57:13 [INFO] [RELEASE] text_encoder  (GPU + host RAM freed)
00:57:17 [INFO] [LOAD]    transformer      4.420s
00:57:26 [INFO] [warmup 2/3][INFER]   transformer       8.200s
00:57:27 [INFO] [RELEASE] transformer   (GPU + host RAM freed)
00:57:27 [INFO] [LOAD]    vae_decoder      0.098s
00:57:28 [INFO] [warmup 2/3][INFER]   vae_decoder       1.129s
00:57:28 [INFO] [RELEASE] vae_decoder   (GPU + host RAM freed)
00:57:28 [INFO] [RELEASE] vae_encoder   (GPU + host RAM freed)
00:57:28 [INFO] [warmup 3/3] starting
00:57:29 [INFO] [warmup 3/3][INIT]    pipeline_init     0.947s
00:57:35 [INFO] [LOAD]    text_encoder     5.168s
00:57:35 [INFO] [warmup 3/3][INFER]   text_encoder      0.308s  embeds=(1, 512, 7680)
00:57:36 [INFO] [RELEASE] text_encoder  (GPU + host RAM freed)
00:57:40 [INFO] [LOAD]    transformer      4.239s
00:57:50 [INFO] [warmup 3/3][INFER]   transformer       9.544s
00:57:51 [INFO] [RELEASE] transformer   (GPU + host RAM freed)
00:57:51 [INFO] [LOAD]    vae_decoder      0.108s
00:57:52 [INFO] [warmup 3/3][INFER]   vae_decoder       0.899s
00:57:52 [INFO] [RELEASE] vae_decoder   (GPU + host RAM freed)
00:57:52 [INFO] [RELEASE] vae_encoder   (GPU + host RAM freed)
00:57:52 [INFO] [measure 1/5] starting
00:57:53 [INFO] [measure 1/5][INIT]    pipeline_init     0.925s
00:57:59 [INFO] [LOAD]    text_encoder     5.263s
00:57:59 [INFO] [measure 1/5][INFER]   text_encoder      0.334s  embeds=(1, 512, 7680)
00:58:00 [INFO] [RELEASE] text_encoder  (GPU + host RAM freed)
00:58:04 [INFO] [LOAD]    transformer      4.301s
00:58:14 [INFO] [measure 1/5][INFER]   transformer       9.218s
00:58:15 [INFO] [RELEASE] transformer   (GPU + host RAM freed)
00:58:15 [INFO] [LOAD]    vae_decoder      0.149s
00:58:16 [INFO] [measure 1/5][INFER]   vae_decoder       0.898s
00:58:17 [INFO] [RELEASE] vae_decoder   (GPU + host RAM freed)
00:58:17 [INFO] [RELEASE] vae_encoder   (GPU + host RAM freed)
00:58:17 [INFO] [measure 2/5] starting
00:58:19 [INFO] [measure 2/5][INIT]    pipeline_init     1.630s
00:58:26 [INFO] [LOAD]    text_encoder     7.731s
00:58:27 [INFO] [measure 2/5][INFER]   text_encoder      0.376s  embeds=(1, 512, 7680)
00:58:28 [INFO] [RELEASE] text_encoder  (GPU + host RAM freed)
00:58:35 [INFO] [LOAD]    transformer      6.915s
00:58:44 [INFO] [measure 2/5][INFER]   transformer       8.777s
00:58:46 [INFO] [RELEASE] transformer   (GPU + host RAM freed)
00:58:46 [INFO] [LOAD]    vae_decoder      0.151s
00:58:47 [INFO] [measure 2/5][INFER]   vae_decoder       1.022s
00:58:47 [INFO] [RELEASE] vae_decoder   (GPU + host RAM freed)
00:58:47 [INFO] [RELEASE] vae_encoder   (GPU + host RAM freed)
00:58:47 [INFO] [measure 3/5] starting
00:58:49 [INFO] [measure 3/5][INIT]    pipeline_init     1.480s
00:58:57 [INFO] [LOAD]    text_encoder     7.799s
00:58:57 [INFO] [measure 3/5][INFER]   text_encoder      0.396s  embeds=(1, 512, 7680)
00:58:59 [INFO] [RELEASE] text_encoder  (GPU + host RAM freed)
00:59:06 [INFO] [LOAD]    transformer      6.850s
00:59:15 [INFO] [measure 3/5][INFER]   transformer       9.072s
00:59:16 [INFO] [RELEASE] transformer   (GPU + host RAM freed)
00:59:16 [INFO] [LOAD]    vae_decoder      0.155s
00:59:17 [INFO] [measure 3/5][INFER]   vae_decoder       0.883s
00:59:18 [INFO] [RELEASE] vae_decoder   (GPU + host RAM freed)
00:59:18 [INFO] [RELEASE] vae_encoder   (GPU + host RAM freed)
00:59:18 [INFO] [measure 4/5] starting
00:59:19 [INFO] [measure 4/5][INIT]    pipeline_init     1.416s
00:59:27 [INFO] [LOAD]    text_encoder     7.838s
00:59:28 [INFO] [measure 4/5][INFER]   text_encoder      0.425s  embeds=(1, 512, 7680)
00:59:29 [INFO] [RELEASE] text_encoder  (GPU + host RAM freed)
00:59:36 [INFO] [LOAD]    transformer      6.813s
00:59:44 [INFO] [measure 4/5][INFER]   transformer       7.682s
00:59:45 [INFO] [RELEASE] transformer   (GPU + host RAM freed)
00:59:45 [INFO] [LOAD]    vae_decoder      0.154s
00:59:46 [INFO] [measure 4/5][INFER]   vae_decoder       0.888s
00:59:46 [INFO] [RELEASE] vae_decoder   (GPU + host RAM freed)
00:59:47 [INFO] [RELEASE] vae_encoder   (GPU + host RAM freed)
00:59:47 [INFO] [measure 5/5] starting
00:59:48 [INFO] [measure 5/5][INIT]    pipeline_init     1.397s
00:59:56 [INFO] [LOAD]    text_encoder     7.544s
00:59:56 [INFO] [measure 5/5][INFER]   text_encoder      0.301s  embeds=(1, 512, 7680)
00:59:57 [INFO] [RELEASE] text_encoder  (GPU + host RAM freed)
01:00:04 [INFO] [LOAD]    transformer      6.755s
01:00:11 [INFO] [measure 5/5][INFER]   transformer       6.837s
01:00:12 [INFO] [RELEASE] transformer   (GPU + host RAM freed)
01:00:13 [INFO] [LOAD]    vae_decoder      0.148s
01:00:14 [INFO] [measure 5/5][INFER]   vae_decoder       0.918s
01:00:14 [INFO] [RELEASE] vae_decoder   (GPU + host RAM freed)
01:00:14 [INFO] [RELEASE] vae_encoder   (GPU + host RAM freed)
01:00:14 [INFO] Saved image: benchmark_outputs\images\flux2_klein_fp16_1024x1024_4steps_no_cfg.png (size=(1024, 1024))
01:00:14 [INFO] Exported results to benchmark_outputs\results
01:00:14 [INFO] ==============================================================================
01:00:14 [INFO] Configuration: int4_1024x1024_4steps_no_cfg | model_dir=benchmark_outputs\models\flux2-klein-int4
01:00:14 [INFO] ==============================================================================
01:00:14 [INFO] [warmup 1/3] starting
01:00:16 [INFO] [warmup 1/3][INIT]    pipeline_init     1.486s
01:00:19 [INFO] [LOAD]    text_encoder     3.345s
01:00:19 [INFO] [warmup 1/3][INFER]   text_encoder      0.263s  embeds=(1, 512, 7680)
01:00:20 [INFO] [RELEASE] text_encoder  (GPU + host RAM freed)
01:00:23 [INFO] [LOAD]    transformer      2.982s
01:00:29 [INFO] [warmup 1/3][INFER]   transformer       5.677s
01:00:29 [INFO] [RELEASE] transformer   (GPU + host RAM freed)
01:00:29 [INFO] [LOAD]    vae_decoder      0.133s
01:00:30 [INFO] [warmup 1/3][INFER]   vae_decoder       1.095s
01:00:31 [INFO] [RELEASE] vae_decoder   (GPU + host RAM freed)
01:00:31 [INFO] [RELEASE] vae_encoder   (GPU + host RAM freed)
01:00:31 [INFO] [warmup 2/3] starting
01:00:32 [INFO] [warmup 2/3][INIT]    pipeline_init     1.487s
01:00:35 [INFO] [LOAD]    text_encoder     2.791s
01:00:35 [INFO] [warmup 2/3][INFER]   text_encoder      0.289s  embeds=(1, 512, 7680)
01:00:36 [INFO] [RELEASE] text_encoder  (GPU + host RAM freed)
01:00:38 [INFO] [LOAD]    transformer      2.161s
01:00:44 [INFO] [warmup 2/3][INFER]   transformer       5.601s
01:00:44 [INFO] [RELEASE] transformer   (GPU + host RAM freed)
01:00:44 [INFO] [LOAD]    vae_decoder      0.105s
01:00:46 [INFO] [warmup 2/3][INFER]   vae_decoder       1.417s
01:00:46 [INFO] [RELEASE] vae_decoder   (GPU + host RAM freed)
01:00:46 [INFO] [RELEASE] vae_encoder   (GPU + host RAM freed)
01:00:46 [INFO] [warmup 3/3] starting
01:00:48 [INFO] [warmup 3/3][INIT]    pipeline_init     1.533s
01:00:51 [INFO] [LOAD]    text_encoder     2.709s
01:00:51 [INFO] [warmup 3/3][INFER]   text_encoder      0.275s  embeds=(1, 512, 7680)
01:00:51 [INFO] [RELEASE] text_encoder  (GPU + host RAM freed)
01:00:54 [INFO] [LOAD]    transformer      2.141s
01:01:00 [INFO] [warmup 3/3][INFER]   transformer       6.085s
01:01:00 [INFO] [RELEASE] transformer   (GPU + host RAM freed)
01:01:00 [INFO] [LOAD]    vae_decoder      0.101s
01:01:01 [INFO] [warmup 3/3][INFER]   vae_decoder       1.078s
01:01:02 [INFO] [RELEASE] vae_decoder   (GPU + host RAM freed)
01:01:02 [INFO] [RELEASE] vae_encoder   (GPU + host RAM freed)
01:01:02 [INFO] [measure 1/5] starting
01:01:03 [INFO] [measure 1/5][INIT]    pipeline_init     1.438s
01:01:06 [INFO] [LOAD]    text_encoder     2.751s
01:01:06 [INFO] [measure 1/5][INFER]   text_encoder      0.282s  embeds=(1, 512, 7680)
01:01:07 [INFO] [RELEASE] text_encoder  (GPU + host RAM freed)
01:01:09 [INFO] [LOAD]    transformer      1.813s
01:01:15 [INFO] [measure 1/5][INFER]   transformer       6.167s
01:01:15 [INFO] [RELEASE] transformer   (GPU + host RAM freed)
01:01:15 [INFO] [LOAD]    vae_decoder      0.111s
01:01:16 [INFO] [measure 1/5][INFER]   vae_decoder       0.871s
01:01:16 [INFO] [RELEASE] vae_decoder   (GPU + host RAM freed)
01:01:16 [INFO] [RELEASE] vae_encoder   (GPU + host RAM freed)
01:01:17 [INFO] [measure 2/5] starting
01:01:18 [INFO] [measure 2/5][INIT]    pipeline_init     1.428s
01:01:21 [INFO] [LOAD]    text_encoder     2.542s
01:01:21 [INFO] [measure 2/5][INFER]   text_encoder      0.262s  embeds=(1, 512, 7680)
01:01:21 [INFO] [RELEASE] text_encoder  (GPU + host RAM freed)
01:01:24 [INFO] [LOAD]    transformer      2.094s
01:01:29 [INFO] [measure 2/5][INFER]   transformer       5.515s
01:01:30 [INFO] [RELEASE] transformer   (GPU + host RAM freed)
01:01:30 [INFO] [LOAD]    vae_decoder      0.112s
01:01:31 [INFO] [measure 2/5][INFER]   vae_decoder       1.217s
01:01:31 [INFO] [RELEASE] vae_decoder   (GPU + host RAM freed)
01:01:31 [INFO] [RELEASE] vae_encoder   (GPU + host RAM freed)
01:01:31 [INFO] [measure 3/5] starting
01:01:33 [INFO] [measure 3/5][INIT]    pipeline_init     1.495s
01:01:36 [INFO] [LOAD]    text_encoder     2.818s
01:01:36 [INFO] [measure 3/5][INFER]   text_encoder      0.275s  embeds=(1, 512, 7680)
01:01:37 [INFO] [RELEASE] text_encoder  (GPU + host RAM freed)
01:01:39 [INFO] [LOAD]    transformer      2.057s
01:01:44 [INFO] [measure 3/5][INFER]   transformer       5.588s
01:01:45 [INFO] [RELEASE] transformer   (GPU + host RAM freed)
01:01:45 [INFO] [LOAD]    vae_decoder      0.107s
01:01:46 [INFO] [measure 3/5][INFER]   vae_decoder       1.116s
01:01:46 [INFO] [RELEASE] vae_decoder   (GPU + host RAM freed)
01:01:46 [INFO] [RELEASE] vae_encoder   (GPU + host RAM freed)
01:01:47 [INFO] [measure 4/5] starting
01:01:48 [INFO] [measure 4/5][INIT]    pipeline_init     1.579s
01:01:51 [INFO] [LOAD]    text_encoder     2.690s
01:01:51 [INFO] [measure 4/5][INFER]   text_encoder      0.296s  embeds=(1, 512, 7680)
01:01:52 [INFO] [RELEASE] text_encoder  (GPU + host RAM freed)
01:01:54 [INFO] [LOAD]    transformer      2.158s
01:02:00 [INFO] [measure 4/5][INFER]   transformer       6.055s
01:02:00 [INFO] [RELEASE] transformer   (GPU + host RAM freed)
01:02:01 [INFO] [LOAD]    vae_decoder      0.109s
01:02:02 [INFO] [measure 4/5][INFER]   vae_decoder       0.986s
01:02:02 [INFO] [RELEASE] vae_decoder   (GPU + host RAM freed)
01:02:02 [INFO] [RELEASE] vae_encoder   (GPU + host RAM freed)
01:02:02 [INFO] [measure 5/5] starting
01:02:04 [INFO] [measure 5/5][INIT]    pipeline_init     1.517s
01:02:06 [INFO] [LOAD]    text_encoder     2.647s
01:02:07 [INFO] [measure 5/5][INFER]   text_encoder      0.290s  embeds=(1, 512, 7680)
01:02:07 [INFO] [RELEASE] text_encoder  (GPU + host RAM freed)
01:02:09 [INFO] [LOAD]    transformer      2.098s
01:02:15 [INFO] [measure 5/5][INFER]   transformer       6.081s
01:02:16 [INFO] [RELEASE] transformer   (GPU + host RAM freed)
01:02:16 [INFO] [LOAD]    vae_decoder      0.101s
01:02:17 [INFO] [measure 5/5][INFER]   vae_decoder       1.289s
01:02:17 [INFO] [RELEASE] vae_decoder   (GPU + host RAM freed)
01:02:18 [INFO] [RELEASE] vae_encoder   (GPU + host RAM freed)
01:02:18 [INFO] Saved image: benchmark_outputs\images\flux2_klein_int4_1024x1024_4steps_no_cfg.png (size=(1024, 1024))
01:02:18 [INFO] Exported results to benchmark_outputs\results
01:02:18 [INFO] 
Resolution          | Model                  | Load Time | Infer Time | RAM After Load | Peak RAM
--------------------+------------------------+-----------+------------+----------------+---------
512x512<br>4steps   | Text Encoder-FP16      | 7.716s    | 0.337s     | 14.48GB        | 14.77GB 
                    | Transformer-FP16       | 6.799s    | 2.590s     | 13.58GB        | 13.89GB 
                    | Small VAE Decoder-FP16 | 0.149s    | 0.239s     | -0.15GB        | 0.29GB  
512x512<br>4steps   | Text Encoder-INT4      | 1.669s    | 0.216s     | 3.46GB         | 3.78GB  
                    | Transformer-INT4       | 1.356s    | 1.507s     | 3.39GB         | 3.42GB  
                    | Small VAE Decoder-FP16 | 0.075s    | 0.129s     | 0.05GB         | 0.08GB  
1024x1024<br>4steps | Text Encoder-FP16      | 7.235s    | 0.366s     | 14.32GB        | 14.56GB 
                    | Transformer-FP16       | 6.327s    | 8.317s     | 12.63GB        | 13.62GB 
                    | Small VAE Decoder-FP16 | 0.151s    | 0.922s     | -0.52GB        | 1.46GB  
1024x1024<br>4steps | Text Encoder-INT4      | 2.690s    | 0.281s     | 3.85GB         | 4.23GB  
                    | Transformer-INT4       | 2.044s    | 5.881s     | 3.81GB         | 3.84GB  
                    | Small VAE Decoder-FP16 | 0.108s    | 1.096s     | -0.34GB        | 1.44GB  
01:02:18 [INFO] Benchmark matrix finished
