01:48:05 [INFO] FLUX.2-klein OpenVINO benchmark matrix starting
01:48:05 [INFO] Args: {'device': 'GPU', 'precisions': 'int4', 'resolutions': '512x512,1024x1024', 'steps': 4, 'warmup_runs': 3, 'measure_runs': 5, 'max_sequence_length': 512, 'prompt': 'Astronaut on the moon', 'seed': 0, 'fp16_model_dir': './benchmark_outputs/models/flux2-klein-fp16', 'int4_model_dir': './benchmark_outputs/models/flux2-klein-int4', 'output_dir': 'benchmark_outputs_ov_matrix\\ov_26_2', 'cache_dir': './ov_model_cache', 'stabilize_seconds': 1.0, 'ram_interval_ms': 30.0, 'log_level': 'INFO', 'ov_versions': '26.1,26.2,26.3', 'run_single_ov_version': '26.2', 'skip_ov_install': True}
01:48:05 [INFO] Single OV process mode for OV tag 26.2
01:48:08 [INFO] Environment: {
  "os": "Windows-10-10.0.26200-SP0",
  "python_version": "3.10.11",
  "openvino_version": "2026.2.1-21919-ede283a88e3-releases/2026/2",
  "optimum_intel_version": "2.1.0.dev0",
  "cpu_name": "Intel(R) Core(TM) Ultra X7 368H",
  "gpu_name": "Intel(R) Arc(TM) B390 GPU (iGPU)",
  "gpu_driver_version": "32.0.101.8860",
  "total_memory_bytes": 68247695360,
  "total_memory_gb": 63.6,
  "device": "GPU",
  "selected_device_name": "Intel(R) Arc(TM) B390 GPU (iGPU)",
  "available_devices": [
    "CPU",
    "GPU",
    "NPU"
  ],
  "collected_at": "2026-07-20T01:48:08"
}
01:48:08 [INFO] ==============================================================================
01:48:08 [INFO] Configuration: int4_512x512_4steps_no_cfg | model_dir=benchmark_outputs\models\flux2-klein-int4
01:48:08 [INFO] ==============================================================================
01:48:08 [INFO] [warmup 1/3] starting
01:48:15 [INFO] [warmup 1/3][INIT]    pipeline_init     1.561s
01:48:20 [INFO] [LOAD]    text_encoder     5.240s
01:48:21 [INFO] [warmup 1/3][INFER]   text_encoder      0.694s  embeds=(1, 512, 7680)
01:48:21 [INFO] [RELEASE] text_encoder  (GPU + host RAM freed)
01:48:25 [INFO] [LOAD]    transformer      4.304s
01:48:28 [INFO] [warmup 1/3][INFER]   transformer       2.273s
01:48:28 [INFO] [RELEASE] transformer   (GPU + host RAM freed)
01:48:29 [INFO] [LOAD]    vae_decoder      0.550s
01:48:29 [INFO] [warmup 1/3][INFER]   vae_decoder       0.599s
01:48:29 [INFO] [RELEASE] vae_decoder   (GPU + host RAM freed)
01:48:30 [INFO] [RELEASE] vae_encoder   (GPU + host RAM freed)
01:48:30 [INFO] [warmup 2/3] starting
01:48:31 [INFO] [warmup 2/3][INIT]    pipeline_init     1.049s
01:48:33 [INFO] [LOAD]    text_encoder     2.717s
01:48:34 [INFO] [warmup 2/3][INFER]   text_encoder      0.236s  embeds=(1, 512, 7680)
01:48:34 [INFO] [RELEASE] text_encoder  (GPU + host RAM freed)
01:48:37 [INFO] [LOAD]    transformer      2.833s
01:48:39 [INFO] [warmup 2/3][INFER]   transformer       1.664s
01:48:39 [INFO] [RELEASE] transformer   (GPU + host RAM freed)
01:48:39 [INFO] [LOAD]    vae_decoder      0.230s
01:48:40 [INFO] [warmup 2/3][INFER]   vae_decoder       0.223s
01:48:40 [INFO] [RELEASE] vae_decoder   (GPU + host RAM freed)
01:48:40 [INFO] [RELEASE] vae_encoder   (GPU + host RAM freed)
01:48:40 [INFO] [warmup 3/3] starting
01:48:42 [INFO] [warmup 3/3][INIT]    pipeline_init     1.476s
01:48:44 [INFO] [LOAD]    text_encoder     2.585s
01:48:45 [INFO] [warmup 3/3][INFER]   text_encoder      0.320s  embeds=(1, 512, 7680)
01:48:45 [INFO] [RELEASE] text_encoder  (GPU + host RAM freed)
01:48:46 [INFO] [LOAD]    transformer      1.438s
01:48:48 [INFO] [warmup 3/3][INFER]   transformer       1.638s
01:48:49 [INFO] [RELEASE] transformer   (GPU + host RAM freed)
01:48:49 [INFO] [LOAD]    vae_decoder      0.078s
01:48:49 [INFO] [warmup 3/3][INFER]   vae_decoder       0.137s
01:48:49 [INFO] [RELEASE] vae_decoder   (GPU + host RAM freed)
01:48:49 [INFO] [RELEASE] vae_encoder   (GPU + host RAM freed)
01:48:49 [INFO] [measure 1/5] starting
01:48:50 [INFO] [measure 1/5][INIT]    pipeline_init     1.046s
01:48:52 [INFO] [LOAD]    text_encoder     1.724s
01:48:52 [INFO] [measure 1/5][INFER]   text_encoder      0.239s  embeds=(1, 512, 7680)
01:48:53 [INFO] [RELEASE] text_encoder  (GPU + host RAM freed)
01:48:54 [INFO] [LOAD]    transformer      1.385s
01:48:56 [INFO] [measure 1/5][INFER]   transformer       1.569s
01:48:56 [INFO] [RELEASE] transformer   (GPU + host RAM freed)
01:48:56 [INFO] [LOAD]    vae_decoder      0.074s
01:48:56 [INFO] [measure 1/5][INFER]   vae_decoder       0.132s
01:48:56 [INFO] [RELEASE] vae_decoder   (GPU + host RAM freed)
01:48:57 [INFO] [RELEASE] vae_encoder   (GPU + host RAM freed)
01:48:57 [INFO] [measure 2/5] starting
01:48:58 [INFO] [measure 2/5][INIT]    pipeline_init     1.040s
01:48:59 [INFO] [LOAD]    text_encoder     1.757s
01:49:00 [INFO] [measure 2/5][INFER]   text_encoder      0.222s  embeds=(1, 512, 7680)
01:49:00 [INFO] [RELEASE] text_encoder  (GPU + host RAM freed)
